// Jest Snapshot v1, https://goo.gl/fbAQLP

exports[`renders without crashing 1`] = `
Array [
  <div
    className="header"
  >
    <a
      className="chakra-link css-spn4bz"
      href="/"
    >
      <img
        alt="Pathfinder"
        className="chakra-image css-73nay0"
        src="img/banner.png"
      />
    </a>
    <div
      className="nav-links"
    >
      <ul>
        <li
          className="clickable"
        >
          <a
            href="/sign-up"
          >
            Sign Up
          </a>
        </li>
        <li
          className="clickable"
        >
          <a
            onClick={[Function]}
          >
            Login
          </a>
        </li>
      </ul>
    </div>
  </div>,
  <span />,
  <span
    className="chakra-env"
    hidden={true}
  />,
]
`;
