// Jest Snapshot v1, https://goo.gl/fbAQLP

exports[`renders without crashing 1`] = `
<div>
  <form
    onSubmit={[Function]}
  >
    <p
      className="chakra-text css-0"
    >
       Login Details
    </p>
    <input
      aria-required={true}
      autoComplete="email"
      className="chakra-input css-13d3w74"
      data-testid="email_input"
      id="email"
      onBlur={[Function]}
      onChange={[Function]}
      onFocus={[Function]}
      placeholder="Email"
      required={true}
      type="email"
      value=""
    />
    <div
      className="chakra-input__group css-s4jois"
    >
      <input
        aria-required={true}
        autoComplete="password"
        className="chakra-input css-1n0hj84"
        data-testid="password-input"
        id="password"
        onBlur={[Function]}
        onChange={[Function]}
        onFocus={[Function]}
        placeholder="Enter Password"
        required={true}
        type="password"
        value=""
      />
      <div
        className="chakra-input__right-element css-1x84ua"
        size="md"
      >
        <button
          className="chakra-button css-xsdlqf"
          onClick={[Function]}
          type="button"
        >
          Show
        </button>
      </div>
    </div>
    <button
      className="chakra-button css-1nrxiz"
      data-testid="login-btn"
      type="submit"
    >
      Log In
    </button>
  </form>
  <a
    className="clickable"
    href="/forget-password"
  >
    Forget Password?
  </a>
</div>
`;
