// Jest Snapshot v1, https://goo.gl/fbAQLP

exports[`renders without crashing 1`] = `
Array [
  <div
    className="header"
  >
    <a
      className="chakra-link css-spn4bz"
      href="/"
    >
      <img
        alt="Pathfinder"
        className="chakra-image css-73nay0"
        src="img/banner.png"
      />
    </a>
    <div
      className="nav-links"
    >
      <ul>
        <li
          className="clickable"
        >
          <a
            href="/sign-up"
          >
            Sign Up
          </a>
        </li>
        <li
          className="clickable"
        >
          <a
            onClick={[Function]}
          >
            Login
          </a>
        </li>
      </ul>
    </div>
  </div>,
  <div
    className="frame"
  >
    <div
      aria-live="polite"
      className="register-new"
    >
      <form
        onSubmit={[Function]}
      >
        <h2
          className="chakra-heading css-1dklj6k"
        >
          Sign Up
        </h2>
        <p
          className="chakra-text css-0"
        >
          Create An 
          <i>
            PathFinder
          </i>
           account now using your email and password
        </p>
        <div
          className="chakra-form-control css-1kxonj9"
          role="group"
        >
          <input
            aria-required={true}
            autoComplete="email"
            className="chakra-input css-14sef68"
            disabled={false}
            id="email"
            onBlur={[Function]}
            onChange={[Function]}
            onFocus={[Function]}
            placeholder="Email"
            readOnly={false}
            required={true}
            type="email"
            value=""
          />
          <div
            className="chakra-input__group css-86lbzn"
          >
            <input
              aria-required={true}
              autoComplete="new-password"
              className="chakra-input css-1fjljm8"
              disabled={false}
              id="password"
              onBlur={[Function]}
              onChange={[Function]}
              onFocus={[Function]}
              placeholder="Enter Password"
              readOnly={false}
              required={true}
              type="password"
              value=""
            />
            <div
              className="chakra-input__right-element css-ohd79a"
              size="md"
            >
              <button
                className="chakra-button css-19wuo85"
                onClick={[Function]}
                type="button"
              >
                Show
              </button>
            </div>
          </div>
          <div
            className="chakra-form__helper-text css-11mx7yv"
            id="field-:r2:-helptext"
          >
            Password should contain at least 6 characters
          </div>
          <input
            aria-required={true}
            autoComplete="off"
            className="chakra-input css-14sef68"
            disabled={false}
            id="confirm-password"
            onBlur={[Function]}
            onChange={[Function]}
            onFocus={[Function]}
            placeholder="Re-enter Password"
            readOnly={false}
            required={true}
            type="password"
            value=""
          />
          <div
            className="chakra-form__helper-text css-11mx7yv"
            id="field-:r2:-helptext"
          >
            You can't show/hide this, so make sure to type correctly
          </div>
          <button
            className="chakra-button css-eu2w2k"
            disabled={false}
            type="submit"
          >
            Register As New User
          </button>
        </div>
      </form>
      <p />
    </div>
  </div>,
  <span />,
  <span
    className="chakra-env"
    hidden={true}
  />,
]
`;
